// Jest Snapshot v1, https://goo.gl/fbAQLP

exports[`macros 1. macros: 1. macros 1`] = `

import macro from '../image.macro';
        const img = macro('test.png', {
            width: 1, height: 10
        });

      ↓ ↓ ↓ ↓ ↓ ↓

const img = {
  blob:
    "/9j/2wBDAAYEBQYFBAYGBQYHBwYIChAKCgkJChQODwwQFxQYGBcUFhYaHSUfGhsjHBYWICwgIyYnKSopGR8tMC0oMCUoKSj/2wBDAQcHBwoIChMKChMoGhYaKCgoKCgoKCgoKCgoKCgoKCgoKCgoKCgoKCgoKCgoKCgoKCgoKCgoKCgoKCgoKCgoKCj/wAARCAAKAAEDASIAAhEBAxEB/8QAFgABAQEAAAAAAAAAAAAAAAAAAAcI/8QAHhAAAQIHAQAAAAAAAAAAAAAAAAIEBQcVGFRVlNH/xAAUAQEAAAAAAAAAAAAAAAAAAAAA/8QAFBEBAAAAAAAAAAAAAAAAAAAAAP/aAAwDAQACEQMRAD8AoFuUtsN53LBm2uxfav8AoX6AP//Z",
  width: 1,
  height: 10,
};


`;
